Thu Nov 01 2018 18:16:27 GMT+1300 (New Zealand Daylight Time)

Thu Nov 01 2018 18:16:27 GMT+1300 (New Zealand Daylight Time)
